### Step 2A

/Users/master

### Step 2B
(base) master@Jamess-Laptop ~ % cd Desktop


### Step 2C
(base) master@Jamess-Laptop Desktop % cd unit1-git-practice

### Step 2D
sudo: /Users/master/Desktop/unit1-git-practice: command not found

### Step 2E
(base) master@Jamess-Laptop unit1-git-practice % ls
my-steps.txt

### Step 2F
my-steps.txt

### Step 2G
Cd ~

### Step 2H
sudo: /Users/master/Macintosh HD: command not found

### Step 2I
Desktop		Downloads	Movies		Pictures	PycharmProjects
Documents	Library		Music		Public		anaconda3

### Step 2J
cd "Macintosh HD"

### Step 2K
Cd Desktop
Cd unit1-git-practice


### Step 3A
Mkdir veggies
Mkdir meats
Mkdir desserts

### Step 3B
mv desserts sweets

### Step 3C
Mkdir proteins

### Step 3D
Mv meats proteins

### Step 3E
Cd veggies
Touch carrot.txt
Touch pea.txt
### Step 3F
Cd ..
Cd sweets
Touch cookie.txt

### Step 3G
Mv cookie.txt donut.txt

### Step 3H
Cd ..
Touch thing.txt

### Step 3I
Cp thing.txt tofu.txt

### Step 3J
Mv tofu.txt proteins

### Step 3K
Cp thing.txt crab.txt
Mv crab.txt proteins
Cd proteins
Mv crab.txt meats
### Step 3L
Cd ..
Rm thing.txt

### Step 3M
cp -r veggies plants

### Step 3N
Mkdir drinks
Rm -r drinks


### Step 4
(base) master@Jamess-Laptop unit1-git-practice % git init
Initialized empty Git repository in /Users/master/Desktop/unit1-git-practice/.git/
(base) master@Jamess-Laptop unit1-git-practice % git add . 
(base) master@Jamess-Laptop unit1-git-practice % git commit -m 'first commit'
[main (root-commit) 1551af1] first commit
 10 files changed, 103 insertions(+)
 create mode 100644 .DS_Store
 create mode 100644 my-steps.txt
 create mode 100644 plants/carrot.txt
 create mode 100644 plants/pea.txt
 create mode 100644 proteins/.DS_Store
 create mode 100644 proteins/meats/crab.txt
 create mode 100644 proteins/tofu.txt
 create mode 100644 sweets/donut.txt
 create mode 100644 veggies/carrot.txt
 create mode 100644 veggies/pea.txt

### Step 5
(base) master@Jamess-Laptop unit1-git-practice % git remote add origin https://github.com/JamesBData/unit1-git-practice.git
git branch -M main
git push -u origin main
Username for 'https://github.com': JamesBData
Password for 'https://JamesBData@github.com': 
Enumerating objects: 10, done.
Counting objects: 100% (10/10), done.
Delta compression using up to 10 threads
Compressing objects: 100% (7/7), done.
Writing objects: 100% (10/10), 1.94 KiB | 1.94 MiB/s, done.
Total 10 (delta 1), reused 0 (delta 0), pack-reused 0
remote: Resolving deltas: 100% (1/1), done.
To https://github.com/JamesBData/unit1-git-practice.git
 * [new branch]      main -> main
branch 'main' set up to track 'origin/main'.

### Step 6
(base) master@Jamess-Laptop unit1-git-practice % git status
On branch main
Your branch is up to date with 'origin/main'.

Changes not staged for commit:
  (use "git add <file>..." to update what will be committed)
  (use "git restore <file>..." to discard changes in working directory)
	modified:   my-steps.txt

Untracked files:

  (use "git add <file>..." to include in what will be committed)
	menu.txt

no changes added to commit (use "git add" and/or "git commit -a")
(base) master@Jamess-Laptop unit1-git-practice % git add . 
(base) master@Jamess-Laptop unit1-git-practice % git commit -m 'Starting a menu'
[main 5eaf896] Starting a menu
 2 files changed, 31 insertions(+), 2 deletions(-)
 create mode 100644 menu.txt
(base) master@Jamess-Laptop unit1-git-practice % git push
Enumerating objects: 6, done.
Counting objects: 100% (6/6), done.
Delta compression using up to 10 threads
Compressing objects: 100% (3/3), done.
Writing objects: 100% (4/4), 1.24 KiB | 1.24 MiB/s, done.
Total 4 (delta 1), reused 0 (delta 0), pack-reused 0
remote: Resolving deltas: 100% (1/1), completed with 1 local object.
To https://github.com/JamesBData/unit1-git-practice.git
   1551af1..5eaf896  main -> main

### Step 7
*** DO NOT RECORD STEP 7 ***